<?xml version="1.0" encoding="utf-8"?><testsuites name="pytest tests"><testsuite name="pytest" errors="0" failures="0" skipped="0" tests="21" time="9.353" timestamp="2026-09-16T08:24:29.213567+07:00" hostname="localhost"><testcase classname="tests.test_web" name="test_login_no_default_bypass" time="0.243" /><testcase classname="tests.test_web" name="test_existing_password" time="0.001" /><testcase classname="tests.test_web" name="test_each_page_renders[\U0001f6d2 L\u1ecbch Ecom]" time="0.700" /><testcase classname="tests.test_web" name="test_each_page_renders[\U0001f4b0 Qu\u1ef9 Shop]" time="0.690" /><testcase classname="tests.test_web" name="test_each_page_renders[\U0001f4cb Xem L\u1ecbch]" time="0.694" /><testcase classname="tests.test_web" name="test_each_page_renders[\U0001f4c8 Theo D\xf5i KPI]" time="0.998" /><testcase classname="tests.test_web" name="test_each_page_renders[\U0001f4ca Chia Target]" time="0.725" /><testcase classname="tests.test_web" name="test_each_page_renders[\U0001f4cd Th\u1ecb Tr\u01b0\u1eddng]" time="0.751" /><testcase classname="tests.test_web" name="test_each_page_renders[\U0001f916 AI T\u01b0 V\u1ea5n]" time="0.692" /><testcase classname="tests.test_web" name="test_each_page_renders[\U0001f465 Qu\u1ea3n Tr\u1ecb Admin]" time="0.716" /><testcase classname="tests.test_web" name="test_staff_cannot_see_admin" time="0.683" /><testcase classname="tests.test_web" name="test_request_failures[failure0]" time="0.001" /><testcase classname="tests.test_web" name="test_request_failures[failure1]" time="0.001" /><testcase classname="tests.test_web" name="test_request_failures[failure2]" time="0.001" /><testcase classname="tests.test_web" name="test_scalar_write_uses_put" time="0.001" /><testcase classname="tests.test_web" name="test_failed_write_keeps_cache_and_stops" time="0.001" /><testcase classname="tests.test_web" name="test_patch_keeps_other_branches" time="0.000" /><testcase classname="tests.test_web" name="test_kpi_numeric_does_not_multiply_decimal" time="0.001" /><testcase classname="tests.test_web" name="test_failed_ecom_save_never_reports_success" time="0.745" /><testcase classname="tests.test_web" name="test_ecom_inputs_change_with_shop" time="0.752" /><testcase classname="tests.test_web" name="test_staff_write_controls_disabled" time="0.714" /></testsuite></testsuites>